eeschema (2011-nov-30)-testing  >> Creation date: sam. 29 sept. 2012 17:28:48 CEST

#Cmp ( ordre = Référence )
| D1         LED         
| D2         LED         
| D3         LED         
| D10        LED         
| D11        DIODE       
| D20        LED         
| D21        DIODE       
| D30        LED         
| D31        DIODE       
| D40        LED         
| D41        DIODE       
| D50        LED         
| D51        DIODE       
| D60        LED         
| D61        DIODE       
| D70        LED         
| D71        DIODE       
| D80        LED         
| D81        DIODE       
| IC1        ATTINY2313-P
| K10        G5T-1-12VDC 
| K20        G5T-1-12VDC 
| K30        G5T-1-12VDC 
| K40        G5T-1-12VDC 
| P10        CONN_2      
| P20        CONN_2      
| P30        CONN_2      
| P40        CONN_2      
| P50        CONN_2      
| P60        CONN_2      
| P70        CONN_2      
| P80        CONN_2      
| P100       CONN_2      
| P101       CONN_2      
| P102       CONN_2      
| P103       CONN_2      
| P110       CONN_2      
| P111       CONN_2      
| P120       CONN_6      
| P121       CONN_6      
| P130       CONN_3X2    
| Q10        NPN         
| Q20        NPN         
| Q30        NPN         
| Q40        NPN         
| R1         R           
| R2         R           
| R3         R           
| R4         R           
| R10        R           
| R11        R           
| R20        R           
| R21        R           
| R30        R           
| R31        R           
| R40        R           
| R41        R           
| R50        R           
| R51        R           
| R52        R           
| R53        R           
| R54        R           
| R55        R           
| R60        R           
| R61        R           
| R62        R           
| R63        R           
| R64        R           
| R65        R           
| R70        R           
| R71        R           
| R72        R           
| R73        R           
| R74        R           
| R75        R           
| R80        R           
| R81        R           
| R82        R           
| R83        R           
| R84        R           
| R85        R           
| U50        OPTO-TRANSISTOR
| U60        OPTO-TRANSISTOR
| U70        OPTO-TRANSISTOR
| U80        OPTO-TRANSISTOR
#End Cmp

#Cmp ( ordre = Valeur )
| LED          D1        
| LED          D2        
| LED          D3        
| LED          D10       
| DIODE        D11       
| LED          D20       
| DIODE        D21       
| LED          D30       
| DIODE        D31       
| LED          D40       
| DIODE        D41       
| LED          D50       
| DIODE        D51       
| LED          D60       
| DIODE        D61       
| LED          D70       
| DIODE        D71       
| LED          D80       
| DIODE        D81       
| ATTINY2313-P IC1       
| G5T-1-12VDC  K10       
| G5T-1-12VDC  K20       
| G5T-1-12VDC  K30       
| G5T-1-12VDC  K40       
| CONN_2       P10       
| CONN_2       P20       
| CONN_2       P30       
| CONN_2       P40       
| CONN_2       P50       
| CONN_2       P60       
| CONN_2       P70       
| CONN_2       P80       
| CONN_2       P100      
| CONN_2       P101      
| CONN_2       P102      
| CONN_2       P103      
| CONN_2       P110      
| CONN_2       P111      
| CONN_6       P120      
| CONN_6       P121      
| CONN_3X2     P130      
| NPN          Q10       
| NPN          Q20       
| NPN          Q30       
| NPN          Q40       
| R            R1        
| R            R2        
| R            R3        
| R            R4        
| R            R10       
| R            R11       
| R            R20       
| R            R21       
| R            R30       
| R            R31       
| R            R40       
| R            R41       
| R            R50       
| R            R51       
| R            R52       
| R            R53       
| R            R54       
| R            R55       
| R            R60       
| R            R61       
| R            R62       
| R            R63       
| R            R64       
| R            R65       
| R            R70       
| R            R71       
| R            R72       
| R            R73       
| R            R74       
| R            R75       
| R            R80       
| R            R81       
| R            R82       
| R            R83       
| R            R84       
| R            R85       
| OPTO-TRANSISTOR U50       
| OPTO-TRANSISTOR U60       
| OPTO-TRANSISTOR U70       
| OPTO-TRANSISTOR U80       
#End Cmp

#End List
